Archive member included to satisfy reference by file (symbol)

/usr/lib/gcc/avr/5.4.0/avrxmega7/libgcc.a(_udivmodsi4.o)
                              obj/VirtualSerial.o (__udivmodsi4)
/usr/lib/gcc/avr/5.4.0/avrxmega7/libgcc.a(_exit.o)
                              /usr/lib/gcc/avr/5.4.0/../../../avr/lib/avrxmega7/crtatxmega128a4u.o (exit)
/usr/lib/gcc/avr/5.4.0/avrxmega7/libgcc.a(_copy_data.o)
                              obj/VirtualSerial.o (__do_copy_data)
/usr/lib/gcc/avr/5.4.0/avrxmega7/libgcc.a(_clear_bss.o)
                              obj/VirtualSerial.o (__do_clear_bss)
/usr/lib/gcc/avr/5.4.0/../../../avr/lib/avrxmega7/libatxmega128a4u.a(eerd_byte.o)
                              obj/EndpointStream_XMEGA.o (eeprom_read_byte)
/usr/lib/gcc/avr/5.4.0/../../../avr/lib/avrxmega7/libatxmega128a4u.a(eeupd_byte.o)
                              obj/EndpointStream_XMEGA.o (eeprom_update_byte)
/usr/lib/gcc/avr/5.4.0/../../../avr/lib/avrxmega7/libatxmega128a4u.a(eewr_byte.o)
                              /usr/lib/gcc/avr/5.4.0/../../../avr/lib/avrxmega7/libatxmega128a4u.a(eeupd_byte.o) (eeprom_write_r18)

Allocating common symbols
Common symbol       size              file

uart_tx_buffer      0x200             obj/VirtualSerial.o
USB_IsInitialized   0x1               obj/USBTask.o
USB_EndpointTable   0x53              obj/USBController_XMEGA.o
USB_Endpoint_SelectedFIFO
                    0x2               obj/Endpoint_XMEGA.o
USB_DeviceState     0x1               obj/USBTask.o
uart_tx_buffer_trfcnt
                    0x4               obj/VirtualSerial.o
USB_Device_ConfigurationNumber
                    0x1               obj/DeviceStandardReq.o
uart_rx_ring_buffer
                    0x80              obj/VirtualSerial.o
USB_Endpoint_SelectedHandle
                    0x2               obj/Endpoint_XMEGA.o
USB_Device_CurrentlySelfPowered
                    0x1               obj/DeviceStandardReq.o
USB_Endpoint_SelectedEndpoint
                    0x1               obj/Endpoint_XMEGA.o
USB_ControlRequest  0x8               obj/USBTask.o
USB_Endpoint_FIFOs  0x294             obj/Endpoint_XMEGA.o
USB_Device_RemoteWakeupEnabled
                    0x1               obj/DeviceStandardReq.o

Discarded input sections

 .data          0x0000000000000000        0x0 /usr/lib/gcc/avr/5.4.0/../../../avr/lib/avrxmega7/crtatxmega128a4u.o
 .bss           0x0000000000000000        0x0 /usr/lib/gcc/avr/5.4.0/../../../avr/lib/avrxmega7/crtatxmega128a4u.o
 .text          0x0000000000000000        0x0 obj/VirtualSerial.o
 .text          0x0000000000000000        0x0 obj/Descriptors.o
 .data          0x0000000000000000        0x0 obj/Descriptors.o
 .bss           0x0000000000000000        0x0 obj/Descriptors.o
 .text          0x0000000000000000        0x0 obj/HIDParser.o
 .data          0x0000000000000000        0x0 obj/HIDParser.o
 .bss           0x0000000000000000        0x0 obj/HIDParser.o
 .text.USB_ProcessHIDReport
                0x0000000000000000      0x6c0 obj/HIDParser.o
 .text.USB_GetHIDReportItemInfo
                0x0000000000000000       0xbc obj/HIDParser.o
 .text.USB_SetHIDReportItemInfo
                0x0000000000000000       0xc0 obj/HIDParser.o
 .text.USB_GetHIDReportSize
                0x0000000000000000       0x56 obj/HIDParser.o
 .debug_info    0x0000000000000000      0x739 obj/HIDParser.o
 .debug_abbrev  0x0000000000000000      0x21a obj/HIDParser.o
 .debug_loc     0x0000000000000000      0xadb obj/HIDParser.o
 .debug_aranges
                0x0000000000000000       0x38 obj/HIDParser.o
 .debug_ranges  0x0000000000000000       0xd0 obj/HIDParser.o
 .debug_line    0x0000000000000000      0x56e obj/HIDParser.o
 .debug_str     0x0000000000000000      0x6cc obj/HIDParser.o
 .comment       0x0000000000000000       0x12 obj/HIDParser.o
 .debug_frame   0x0000000000000000      0x11c obj/HIDParser.o
 .text          0x0000000000000000        0x0 obj/ConfigDescriptors.o
 .data          0x0000000000000000        0x0 obj/ConfigDescriptors.o
 .bss           0x0000000000000000        0x0 obj/ConfigDescriptors.o
 .text.USB_GetNextDescriptor
                0x0000000000000000       0x3c obj/ConfigDescriptors.o
 .text.USB_GetNextDescriptorOfType
                0x0000000000000000       0x38 obj/ConfigDescriptors.o
 .text.USB_GetNextDescriptorOfTypeBefore
                0x0000000000000000       0x46 obj/ConfigDescriptors.o
 .text.USB_GetNextDescriptorOfTypeAfter
                0x0000000000000000       0x3e obj/ConfigDescriptors.o
 .text.USB_GetNextDescriptorComp
                0x0000000000000000       0x66 obj/ConfigDescriptors.o
 .debug_info    0x0000000000000000      0x5e5 obj/ConfigDescriptors.o
 .debug_abbrev  0x0000000000000000      0x220 obj/ConfigDescriptors.o
 .debug_loc     0x0000000000000000      0x59f obj/ConfigDescriptors.o
 .debug_aranges
                0x0000000000000000       0x40 obj/ConfigDescriptors.o
 .debug_ranges  0x0000000000000000       0x30 obj/ConfigDescriptors.o
 .debug_line    0x0000000000000000      0x23c obj/ConfigDescriptors.o
 .debug_str     0x0000000000000000      0x50a obj/ConfigDescriptors.o
 .comment       0x0000000000000000       0x12 obj/ConfigDescriptors.o
 .debug_frame   0x0000000000000000       0xfc obj/ConfigDescriptors.o
 .text          0x0000000000000000        0x0 obj/DeviceStandardReq.o
 .data          0x0000000000000000        0x0 obj/DeviceStandardReq.o
 .bss           0x0000000000000000        0x0 obj/DeviceStandardReq.o
 .text          0x0000000000000000        0x0 obj/Events.o
 .data          0x0000000000000000        0x0 obj/Events.o
 .bss           0x0000000000000000        0x0 obj/Events.o
 .text.USB_Event_Stub_2
                0x0000000000000000        0x2 obj/Events.o
 .text.USB_Event_Stub_3
                0x0000000000000000        0x2 obj/Events.o
 .text          0x0000000000000000        0x0 obj/HostStandardReq.o
 .data          0x0000000000000000        0x0 obj/HostStandardReq.o
 .bss           0x0000000000000000        0x0 obj/HostStandardReq.o
 .debug_info    0x0000000000000000       0x5d obj/HostStandardReq.o
 .debug_abbrev  0x0000000000000000       0x26 obj/HostStandardReq.o
 .debug_aranges
                0x0000000000000000       0x18 obj/HostStandardReq.o
 .debug_line    0x0000000000000000       0x1a obj/HostStandardReq.o
 .debug_str     0x0000000000000000      0x1b1 obj/HostStandardReq.o
 .comment       0x0000000000000000       0x12 obj/HostStandardReq.o
 .text          0x0000000000000000        0x0 obj/USBTask.o
 .data          0x0000000000000000        0x0 obj/USBTask.o
 .bss           0x0000000000000000        0x0 obj/USBTask.o
 .text          0x0000000000000000        0x0 obj/Device_XMEGA.o
 .data          0x0000000000000000        0x0 obj/Device_XMEGA.o
 .bss           0x0000000000000000        0x0 obj/Device_XMEGA.o
 .text.USB_Device_SendRemoteWakeup
                0x0000000000000000        0xc obj/Device_XMEGA.o
 .debug_info    0x0000000000000000      0x670 obj/Device_XMEGA.o
 .debug_abbrev  0x0000000000000000      0x11e obj/Device_XMEGA.o
 .debug_aranges
                0x0000000000000000       0x20 obj/Device_XMEGA.o
 .debug_ranges  0x0000000000000000       0x10 obj/Device_XMEGA.o
 .debug_line    0x0000000000000000      0x102 obj/Device_XMEGA.o
 .debug_str     0x0000000000000000      0x5f7 obj/Device_XMEGA.o
 .comment       0x0000000000000000       0x12 obj/Device_XMEGA.o
 .debug_frame   0x0000000000000000       0x24 obj/Device_XMEGA.o
 .text          0x0000000000000000        0x0 obj/EndpointStream_XMEGA.o
 .data          0x0000000000000000        0x0 obj/EndpointStream_XMEGA.o
 .bss           0x0000000000000000        0x0 obj/EndpointStream_XMEGA.o
 .text.Endpoint_Discard_Stream
                0x0000000000000000       0x7a obj/EndpointStream_XMEGA.o
 .text.Endpoint_Null_Stream
                0x0000000000000000       0x76 obj/EndpointStream_XMEGA.o
 .text.Endpoint_Write_Stream_BE
                0x0000000000000000       0xae obj/EndpointStream_XMEGA.o
 .text.Endpoint_Read_Stream_BE
                0x0000000000000000       0xae obj/EndpointStream_XMEGA.o
 .text.Endpoint_Write_PStream_LE
                0x0000000000000000       0xa8 obj/EndpointStream_XMEGA.o
 .text.Endpoint_Write_PStream_BE
                0x0000000000000000       0xb0 obj/EndpointStream_XMEGA.o
 .text.Endpoint_Write_EStream_LE
                0x0000000000000000       0xaa obj/EndpointStream_XMEGA.o
 .text.Endpoint_Write_EStream_BE
                0x0000000000000000       0xb2 obj/EndpointStream_XMEGA.o
 .text.Endpoint_Read_EStream_LE
                0x0000000000000000       0xac obj/EndpointStream_XMEGA.o
 .text.Endpoint_Read_EStream_BE
                0x0000000000000000       0xb4 obj/EndpointStream_XMEGA.o
 .text.Endpoint_Write_Control_Stream_BE
                0x0000000000000000      0x112 obj/EndpointStream_XMEGA.o
 .text.Endpoint_Read_Control_Stream_BE
                0x0000000000000000       0xb4 obj/EndpointStream_XMEGA.o
 .text.Endpoint_Write_Control_PStream_BE
                0x0000000000000000      0x112 obj/EndpointStream_XMEGA.o
 .text.Endpoint_Write_Control_EStream_LE
                0x0000000000000000      0x12c obj/EndpointStream_XMEGA.o
 .text.Endpoint_Write_Control_EStream_BE
                0x0000000000000000      0x130 obj/EndpointStream_XMEGA.o
 .text.Endpoint_Read_Control_EStream_LE
                0x0000000000000000       0xbe obj/EndpointStream_XMEGA.o
 .text.Endpoint_Read_Control_EStream_BE
                0x0000000000000000       0xb8 obj/EndpointStream_XMEGA.o
 .text          0x0000000000000000        0x0 obj/Endpoint_XMEGA.o
 .data          0x0000000000000000        0x0 obj/Endpoint_XMEGA.o
 .bss           0x0000000000000000        0x0 obj/Endpoint_XMEGA.o
 .text.Endpoint_ConfigureEndpointTable
                0x0000000000000000       0xb2 obj/Endpoint_XMEGA.o
 .text          0x0000000000000000        0x0 obj/Host_XMEGA.o
 .data          0x0000000000000000        0x0 obj/Host_XMEGA.o
 .bss           0x0000000000000000        0x0 obj/Host_XMEGA.o
 .debug_info    0x0000000000000000       0x5d obj/Host_XMEGA.o
 .debug_abbrev  0x0000000000000000       0x26 obj/Host_XMEGA.o
 .debug_aranges
                0x0000000000000000       0x18 obj/Host_XMEGA.o
 .debug_line    0x0000000000000000       0x1a obj/Host_XMEGA.o
 .debug_str     0x0000000000000000      0x1b2 obj/Host_XMEGA.o
 .comment       0x0000000000000000       0x12 obj/Host_XMEGA.o
 .text          0x0000000000000000        0x0 obj/PipeStream_XMEGA.o
 .data          0x0000000000000000        0x0 obj/PipeStream_XMEGA.o
 .bss           0x0000000000000000        0x0 obj/PipeStream_XMEGA.o
 .debug_info    0x0000000000000000       0x5d obj/PipeStream_XMEGA.o
 .debug_abbrev  0x0000000000000000       0x26 obj/PipeStream_XMEGA.o
 .debug_aranges
                0x0000000000000000       0x18 obj/PipeStream_XMEGA.o
 .debug_line    0x0000000000000000       0x1a obj/PipeStream_XMEGA.o
 .debug_str     0x0000000000000000      0x1b8 obj/PipeStream_XMEGA.o
 .comment       0x0000000000000000       0x12 obj/PipeStream_XMEGA.o
 .text          0x0000000000000000        0x0 obj/Pipe_XMEGA.o
 .data          0x0000000000000000        0x0 obj/Pipe_XMEGA.o
 .bss           0x0000000000000000        0x0 obj/Pipe_XMEGA.o
 .debug_info    0x0000000000000000       0x5d obj/Pipe_XMEGA.o
 .debug_abbrev  0x0000000000000000       0x26 obj/Pipe_XMEGA.o
 .debug_aranges
                0x0000000000000000       0x18 obj/Pipe_XMEGA.o
 .debug_line    0x0000000000000000       0x1a obj/Pipe_XMEGA.o
 .debug_str     0x0000000000000000      0x1b2 obj/Pipe_XMEGA.o
 .comment       0x0000000000000000       0x12 obj/Pipe_XMEGA.o
 .text          0x0000000000000000        0x0 obj/USBController_XMEGA.o
 .data          0x0000000000000000        0x0 obj/USBController_XMEGA.o
 .bss           0x0000000000000000        0x0 obj/USBController_XMEGA.o
 .text.USB_Disable
                0x0000000000000000       0x1e obj/USBController_XMEGA.o
 .text          0x0000000000000000        0x0 obj/USBInterrupt_XMEGA.o
 .data          0x0000000000000000        0x0 obj/USBInterrupt_XMEGA.o
 .bss           0x0000000000000000        0x0 obj/USBInterrupt_XMEGA.o
 .text          0x0000000000000000        0x0 /usr/lib/gcc/avr/5.4.0/avrxmega7/libgcc.a(_udivmodsi4.o)
 .data          0x0000000000000000        0x0 /usr/lib/gcc/avr/5.4.0/avrxmega7/libgcc.a(_udivmodsi4.o)
 .bss           0x0000000000000000        0x0 /usr/lib/gcc/avr/5.4.0/avrxmega7/libgcc.a(_udivmodsi4.o)
 .text.libgcc.mul
                0x0000000000000000        0x0 /usr/lib/gcc/avr/5.4.0/avrxmega7/libgcc.a(_udivmodsi4.o)
 .text.libgcc   0x0000000000000000        0x0 /usr/lib/gcc/avr/5.4.0/avrxmega7/libgcc.a(_udivmodsi4.o)
 .text.libgcc.prologue
                0x0000000000000000        0x0 /usr/lib/gcc/avr/5.4.0/avrxmega7/libgcc.a(_udivmodsi4.o)
 .text.libgcc.builtins
                0x0000000000000000        0x0 /usr/lib/gcc/avr/5.4.0/avrxmega7/libgcc.a(_udivmodsi4.o)
 .text.libgcc.fmul
                0x0000000000000000        0x0 /usr/lib/gcc/avr/5.4.0/avrxmega7/libgcc.a(_udivmodsi4.o)
 .text.libgcc.fixed
                0x0000000000000000        0x0 /usr/lib/gcc/avr/5.4.0/avrxmega7/libgcc.a(_udivmodsi4.o)
 .text          0x0000000000000000        0x0 /usr/lib/gcc/avr/5.4.0/avrxmega7/libgcc.a(_exit.o)
 .data          0x0000000000000000        0x0 /usr/lib/gcc/avr/5.4.0/avrxmega7/libgcc.a(_exit.o)
 .bss           0x0000000000000000        0x0 /usr/lib/gcc/avr/5.4.0/avrxmega7/libgcc.a(_exit.o)
 .text.libgcc.mul
                0x0000000000000000        0x0 /usr/lib/gcc/avr/5.4.0/avrxmega7/libgcc.a(_exit.o)
 .text.libgcc.div
                0x0000000000000000        0x0 /usr/lib/gcc/avr/5.4.0/avrxmega7/libgcc.a(_exit.o)
 .text.libgcc   0x0000000000000000        0x0 /usr/lib/gcc/avr/5.4.0/avrxmega7/libgcc.a(_exit.o)
 .text.libgcc.prologue
                0x0000000000000000        0x0 /usr/lib/gcc/avr/5.4.0/avrxmega7/libgcc.a(_exit.o)
 .text.libgcc.builtins
                0x0000000000000000        0x0 /usr/lib/gcc/avr/5.4.0/avrxmega7/libgcc.a(_exit.o)
 .text.libgcc.fmul
                0x0000000000000000        0x0 /usr/lib/gcc/avr/5.4.0/avrxmega7/libgcc.a(_exit.o)
 .text.libgcc.fixed
                0x0000000000000000        0x0 /usr/lib/gcc/avr/5.4.0/avrxmega7/libgcc.a(_exit.o)
 .text          0x0000000000000000        0x0 /usr/lib/gcc/avr/5.4.0/avrxmega7/libgcc.a(_copy_data.o)
 .data          0x0000000000000000        0x0 /usr/lib/gcc/avr/5.4.0/avrxmega7/libgcc.a(_copy_data.o)
 .bss           0x0000000000000000        0x0 /usr/lib/gcc/avr/5.4.0/avrxmega7/libgcc.a(_copy_data.o)
 .text.libgcc.mul
                0x0000000000000000        0x0 /usr/lib/gcc/avr/5.4.0/avrxmega7/libgcc.a(_copy_data.o)
 .text.libgcc.div
                0x0000000000000000        0x0 /usr/lib/gcc/avr/5.4.0/avrxmega7/libgcc.a(_copy_data.o)
 .text.libgcc   0x0000000000000000        0x0 /usr/lib/gcc/avr/5.4.0/avrxmega7/libgcc.a(_copy_data.o)
 .text.libgcc.prologue
                0x0000000000000000        0x0 /usr/lib/gcc/avr/5.4.0/avrxmega7/libgcc.a(_copy_data.o)
 .text.libgcc.builtins
                0x0000000000000000        0x0 /usr/lib/gcc/avr/5.4.0/avrxmega7/libgcc.a(_copy_data.o)
 .text.libgcc.fmul
                0x0000000000000000        0x0 /usr/lib/gcc/avr/5.4.0/avrxmega7/libgcc.a(_copy_data.o)
 .text.libgcc.fixed
                0x0000000000000000        0x0 /usr/lib/gcc/avr/5.4.0/avrxmega7/libgcc.a(_copy_data.o)
 .text          0x0000000000000000        0x0 /usr/lib/gcc/avr/5.4.0/avrxmega7/libgcc.a(_clear_bss.o)
 .data          0x0000000000000000        0x0 /usr/lib/gcc/avr/5.4.0/avrxmega7/libgcc.a(_clear_bss.o)
 .bss           0x0000000000000000        0x0 /usr/lib/gcc/avr/5.4.0/avrxmega7/libgcc.a(_clear_bss.o)
 .text.libgcc.mul
                0x0000000000000000        0x0 /usr/lib/gcc/avr/5.4.0/avrxmega7/libgcc.a(_clear_bss.o)
 .text.libgcc.div
                0x0000000000000000        0x0 /usr/lib/gcc/avr/5.4.0/avrxmega7/libgcc.a(_clear_bss.o)
 .text.libgcc   0x0000000000000000        0x0 /usr/lib/gcc/avr/5.4.0/avrxmega7/libgcc.a(_clear_bss.o)
 .text.libgcc.prologue
                0x0000000000000000        0x0 /usr/lib/gcc/avr/5.4.0/avrxmega7/libgcc.a(_clear_bss.o)
 .text.libgcc.builtins
                0x0000000000000000        0x0 /usr/lib/gcc/avr/5.4.0/avrxmega7/libgcc.a(_clear_bss.o)
 .text.libgcc.fmul
                0x0000000000000000        0x0 /usr/lib/gcc/avr/5.4.0/avrxmega7/libgcc.a(_clear_bss.o)
 .text.libgcc.fixed
                0x0000000000000000        0x0 /usr/lib/gcc/avr/5.4.0/avrxmega7/libgcc.a(_clear_bss.o)
 .text          0x0000000000000000        0x0 /usr/lib/gcc/avr/5.4.0/../../../avr/lib/avrxmega7/libatxmega128a4u.a(eerd_byte.o)
 .data          0x0000000000000000        0x0 /usr/lib/gcc/avr/5.4.0/../../../avr/lib/avrxmega7/libatxmega128a4u.a(eerd_byte.o)
 .bss           0x0000000000000000        0x0 /usr/lib/gcc/avr/5.4.0/../../../avr/lib/avrxmega7/libatxmega128a4u.a(eerd_byte.o)
 .text.avr-libc
                0x0000000000000000       0x20 /usr/lib/gcc/avr/5.4.0/../../../avr/lib/avrxmega7/libatxmega128a4u.a(eerd_byte.o)
 .text          0x0000000000000000        0x0 /usr/lib/gcc/avr/5.4.0/../../../avr/lib/avrxmega7/libatxmega128a4u.a(eeupd_byte.o)
 .data          0x0000000000000000        0x0 /usr/lib/gcc/avr/5.4.0/../../../avr/lib/avrxmega7/libatxmega128a4u.a(eeupd_byte.o)
 .bss           0x0000000000000000        0x0 /usr/lib/gcc/avr/5.4.0/../../../avr/lib/avrxmega7/libatxmega128a4u.a(eeupd_byte.o)
 .text.avr-libc
                0x0000000000000000       0x16 /usr/lib/gcc/avr/5.4.0/../../../avr/lib/avrxmega7/libatxmega128a4u.a(eeupd_byte.o)
 .text          0x0000000000000000        0x0 /usr/lib/gcc/avr/5.4.0/../../../avr/lib/avrxmega7/libatxmega128a4u.a(eewr_byte.o)
 .data          0x0000000000000000        0x0 /usr/lib/gcc/avr/5.4.0/../../../avr/lib/avrxmega7/libatxmega128a4u.a(eewr_byte.o)
 .bss           0x0000000000000000        0x0 /usr/lib/gcc/avr/5.4.0/../../../avr/lib/avrxmega7/libatxmega128a4u.a(eewr_byte.o)
 .text.avr-libc
                0x0000000000000000       0x46 /usr/lib/gcc/avr/5.4.0/../../../avr/lib/avrxmega7/libatxmega128a4u.a(eewr_byte.o)

Memory Configuration

Name             Origin             Length             Attributes
text             0x0000000000000000 0x0000000000022000 xr
data             0x0000000000802000 0x0000000000002000 rw !x
eeprom           0x0000000000810000 0x0000000000000800 rw !x
fuse             0x0000000000820000 0x0000000000000006 rw !x
lock             0x0000000000830000 0x0000000000000400 rw !x
signature        0x0000000000840000 0x0000000000000400 rw !x
user_signatures  0x0000000000850000 0x0000000000000400 rw !x
*default*        0x0000000000000000 0xffffffffffffffff

Linker script and memory map

LOAD /usr/lib/gcc/avr/5.4.0/../../../avr/lib/avrxmega7/crtatxmega128a4u.o
LOAD obj/VirtualSerial.o
LOAD obj/Descriptors.o
LOAD obj/HIDParser.o
LOAD obj/ConfigDescriptors.o
LOAD obj/DeviceStandardReq.o
LOAD obj/Events.o
LOAD obj/HostStandardReq.o
LOAD obj/USBTask.o
LOAD obj/Device_XMEGA.o
LOAD obj/EndpointStream_XMEGA.o
LOAD obj/Endpoint_XMEGA.o
LOAD obj/Host_XMEGA.o
LOAD obj/PipeStream_XMEGA.o
LOAD obj/Pipe_XMEGA.o
LOAD obj/USBController_XMEGA.o
LOAD obj/USBInterrupt_XMEGA.o
LOAD /usr/lib/gcc/avr/5.4.0/../../../avr/lib/avrxmega7/libm.a
START GROUP
LOAD /usr/lib/gcc/avr/5.4.0/avrxmega7/libgcc.a
LOAD /usr/lib/gcc/avr/5.4.0/../../../avr/lib/avrxmega7/libm.a
LOAD /usr/lib/gcc/avr/5.4.0/../../../avr/lib/avrxmega7/libc.a
LOAD /usr/lib/gcc/avr/5.4.0/../../../avr/lib/avrxmega7/libatxmega128a4u.a
END GROUP
                [0x0000000000000000]                __TEXT_REGION_ORIGIN__ = DEFINED (__TEXT_REGION_ORIGIN__)?__TEXT_REGION_ORIGIN__:0x0
                [0x0000000000802000]                __DATA_REGION_ORIGIN__ = DEFINED (__DATA_REGION_ORIGIN__)?__DATA_REGION_ORIGIN__:0x802000
                [0x0000000000022000]                __TEXT_REGION_LENGTH__ = DEFINED (__TEXT_REGION_LENGTH__)?__TEXT_REGION_LENGTH__:0x100000
                [0x0000000000002000]                __DATA_REGION_LENGTH__ = DEFINED (__DATA_REGION_LENGTH__)?__DATA_REGION_LENGTH__:0xffa0
                [0x0000000000000800]                __EEPROM_REGION_LENGTH__ = DEFINED (__EEPROM_REGION_LENGTH__)?__EEPROM_REGION_LENGTH__:0x10000
                [0x0000000000000006]                __FUSE_REGION_LENGTH__ = DEFINED (__FUSE_REGION_LENGTH__)?__FUSE_REGION_LENGTH__:0x400
                0x0000000000000400                __LOCK_REGION_LENGTH__ = DEFINED (__LOCK_REGION_LENGTH__)?__LOCK_REGION_LENGTH__:0x400
                0x0000000000000400                __SIGNATURE_REGION_LENGTH__ = DEFINED (__SIGNATURE_REGION_LENGTH__)?__SIGNATURE_REGION_LENGTH__:0x400
                0x0000000000000400                __USER_SIGNATURE_REGION_LENGTH__ = DEFINED (__USER_SIGNATURE_REGION_LENGTH__)?__USER_SIGNATURE_REGION_LENGTH__:0x400

.hash
 *(.hash)

.dynsym
 *(.dynsym)

.dynstr
 *(.dynstr)

.gnu.version
 *(.gnu.version)

.gnu.version_d
 *(.gnu.version_d)

.gnu.version_r
 *(.gnu.version_r)

.rel.init
 *(.rel.init)

.rela.init
 *(.rela.init)

.rel.text
 *(.rel.text)
 *(.rel.text.*)
 *(.rel.gnu.linkonce.t*)

.rela.text
 *(.rela.text)
 *(.rela.text.*)
 *(.rela.gnu.linkonce.t*)

.rel.fini
 *(.rel.fini)

.rela.fini
 *(.rela.fini)

.rel.rodata
 *(.rel.rodata)
 *(.rel.rodata.*)
 *(.rel.gnu.linkonce.r*)

.rela.rodata
 *(.rela.rodata)
 *(.rela.rodata.*)
 *(.rela.gnu.linkonce.r*)

.rel.data
 *(.rel.data)
 *(.rel.data.*)
 *(.rel.gnu.linkonce.d*)

.rela.data
 *(.rela.data)
 *(.rela.data.*)
 *(.rela.gnu.linkonce.d*)

.rel.ctors
 *(.rel.ctors)

.rela.ctors
 *(.rela.ctors)

.rel.dtors
 *(.rel.dtors)

.rela.dtors
 *(.rela.dtors)

.rel.got
 *(.rel.got)

.rela.got
 *(.rela.got)

.rel.bss
 *(.rel.bss)

.rela.bss
 *(.rela.bss)

.rel.plt
 *(.rel.plt)

.rela.plt
 *(.rela.plt)

.text           0x0000000000000000     0x134e
 *(.vectors)
 .vectors       0x0000000000000000      0x1fc /usr/lib/gcc/avr/5.4.0/../../../avr/lib/avrxmega7/crtatxmega128a4u.o
                0x0000000000000000                __vectors
                0x0000000000000000                __vector_default
 *(.vectors)
 *(.progmem.gcc*)
                0x00000000000001fc                . = ALIGN (0x2)
                0x00000000000001fc                __trampolines_start = .
 *(.trampolines)
 .trampolines   0x00000000000001fc        0x0 linker stubs
 *(.trampolines*)
                0x00000000000001fc                __trampolines_end = .
 *libprintf_flt.a:*(.progmem.data)
 *libc.a:*(.progmem.data)
 *(.progmem*)
 .progmem.data  0x00000000000001fc       0x8e obj/Descriptors.o
                0x00000000000001fc                ProductString
                0x000000000000021a                ManufacturerString
                0x0000000000000236                LanguageString
                0x000000000000023a                ConfigurationDescriptor
                0x0000000000000278                DeviceDescriptor
                0x000000000000028a                . = ALIGN (0x2)
 *(.jumptables)
 *(.jumptables*)
 *(.lowtext)
 *(.lowtext*)
                0x000000000000028a                __ctors_start = .
 *(.ctors)
                0x000000000000028a                __ctors_end = .
                0x000000000000028a                __dtors_start = .
 *(.dtors)
                0x000000000000028a                __dtors_end = .
 SORT(*)(.ctors)
 SORT(*)(.dtors)
 *(.init0)
 .init0         0x000000000000028a        0x0 /usr/lib/gcc/avr/5.4.0/../../../avr/lib/avrxmega7/crtatxmega128a4u.o
                0x000000000000028a                __init
 *(.init0)
 *(.init1)
 *(.init1)
 *(.init2)
 .init2         0x000000000000028a       0x18 /usr/lib/gcc/avr/5.4.0/../../../avr/lib/avrxmega7/crtatxmega128a4u.o
 *(.init2)
 *(.init3)
 *(.init3)
 *(.init4)
 .init4         0x00000000000002a2       0x1c /usr/lib/gcc/avr/5.4.0/avrxmega7/libgcc.a(_copy_data.o)
                0x00000000000002a2                __do_copy_data
 .init4         0x00000000000002be       0x10 /usr/lib/gcc/avr/5.4.0/avrxmega7/libgcc.a(_clear_bss.o)
                0x00000000000002be                __do_clear_bss
 *(.init4)
 *(.init5)
 *(.init5)
 *(.init6)
 *(.init6)
 *(.init7)
 *(.init7)
 *(.init8)
 *(.init8)
 *(.init9)
 .init9         0x00000000000002ce        0x6 /usr/lib/gcc/avr/5.4.0/../../../avr/lib/avrxmega7/crtatxmega128a4u.o
 *(.init9)
 *(.text)
 .text          0x00000000000002d4        0x2 /usr/lib/gcc/avr/5.4.0/../../../avr/lib/avrxmega7/crtatxmega128a4u.o
                0x00000000000002d4                __vector_38
                0x00000000000002d4                __vector_104
                0x00000000000002d4                __vector_22
                0x00000000000002d4                __vector_63
                0x00000000000002d4                __vector_28
                0x00000000000002d4                __vector_67
                0x00000000000002d4                __vector_1
                0x00000000000002d4                __vector_119
                0x00000000000002d4                __vector_32
                0x00000000000002d4                __vector_75
                0x00000000000002d4                __vector_71
                0x00000000000002d4                __vector_91
                0x00000000000002d4                __vector_34
                0x00000000000002d4                __vector_62
                0x00000000000002d4                __vector_77
                0x00000000000002d4                __vector_102
                0x00000000000002d4                __vector_24
                0x00000000000002d4                __vector_12
                0x00000000000002d4                __vector_55
                0x00000000000002d4                __vector_69
                0x00000000000002d4                __vector_81
                0x00000000000002d4                __vector_90
                0x00000000000002d4                __vector_46
                0x00000000000002d4                __bad_interrupt
                0x00000000000002d4                __vector_122
                0x00000000000002d4                __vector_72
                0x00000000000002d4                __vector_114
                0x00000000000002d4                __vector_6
                0x00000000000002d4                __vector_110
                0x00000000000002d4                __vector_31
                0x00000000000002d4                __vector_92
                0x00000000000002d4                __vector_35
                0x00000000000002d4                __vector_78
                0x00000000000002d4                __vector_74
                0x00000000000002d4                __vector_117
                0x00000000000002d4                __vector_39
                0x00000000000002d4                __vector_107
                0x00000000000002d4                __vector_3
                0x00000000000002d4                __vector_105
                0x00000000000002d4                __vector_98
                0x00000000000002d4                __vector_23
                0x00000000000002d4                __vector_68
                0x00000000000002d4                __vector_30
                0x00000000000002d4                __vector_73
                0x00000000000002d4                __vector_45
                0x00000000000002d4                __vector_25
                0x00000000000002d4                __vector_93
                0x00000000000002d4                __vector_61
                0x00000000000002d4                __vector_11
                0x00000000000002d4                __vector_54
                0x00000000000002d4                __vector_99
                0x00000000000002d4                __vector_13
                0x00000000000002d4                __vector_17
                0x00000000000002d4                __vector_19
                0x00000000000002d4                __vector_56
                0x00000000000002d4                __vector_49
                0x00000000000002d4                __vector_123
                0x00000000000002d4                __vector_41
                0x00000000000002d4                __vector_86
                0x00000000000002d4                __vector_100
                0x00000000000002d4                __vector_101
                0x00000000000002d4                __vector_64
                0x00000000000002d4                __vector_88
                0x00000000000002d4                __vector_109
                0x00000000000002d4                __vector_43
                0x00000000000002d4                __vector_27
                0x00000000000002d4                __vector_5
                0x00000000000002d4                __vector_113
                0x00000000000002d4                __vector_33
                0x00000000000002d4                __vector_76
                0x00000000000002d4                __vector_115
                0x00000000000002d4                __vector_47
                0x00000000000002d4                __vector_52
                0x00000000000002d4                __vector_37
                0x00000000000002d4                __vector_95
                0x00000000000002d4                __vector_103
                0x00000000000002d4                __vector_96
                0x00000000000002d4                __vector_89
                0x00000000000002d4                __vector_108
                0x00000000000002d4                __vector_4
                0x00000000000002d4                __vector_44
                0x00000000000002d4                __vector_82
                0x00000000000002d4                __vector_106
                0x00000000000002d4                __vector_118
                0x00000000000002d4                __vector_51
                0x00000000000002d4                __vector_9
                0x00000000000002d4                __vector_2
                0x00000000000002d4                __vector_21
                0x00000000000002d4                __vector_15
                0x00000000000002d4                __vector_66
                0x00000000000002d4                __vector_36
                0x00000000000002d4                __vector_79
                0x00000000000002d4                __vector_58
                0x00000000000002d4                __vector_70
                0x00000000000002d4                __vector_83
                0x00000000000002d4                __vector_29
                0x00000000000002d4                __vector_60
                0x00000000000002d4                __vector_121
                0x00000000000002d4                __vector_40
                0x00000000000002d4                __vector_85
                0x00000000000002d4                __vector_94
                0x00000000000002d4                __vector_126
                0x00000000000002d4                __vector_26
                0x00000000000002d4                __vector_48
                0x00000000000002d4                __vector_124
                0x00000000000002d4                __vector_116
                0x00000000000002d4                __vector_112
                0x00000000000002d4                __vector_111
                0x00000000000002d4                __vector_80
                0x00000000000002d4                __vector_14
                0x00000000000002d4                __vector_84
                0x00000000000002d4                __vector_57
                0x00000000000002d4                __vector_53
                0x00000000000002d4                __vector_10
                0x00000000000002d4                __vector_50
                0x00000000000002d4                __vector_16
                0x00000000000002d4                __vector_59
                0x00000000000002d4                __vector_18
                0x00000000000002d4                __vector_97
                0x00000000000002d4                __vector_20
                0x00000000000002d4                __vector_42
                0x00000000000002d4                __vector_87
                0x00000000000002d4                __vector_65
                0x00000000000002d4                __vector_120
                0x00000000000002d6                . = ALIGN (0x2)
 *(.text.*)
 .text.SetupHardware
                0x00000000000002d6       0x94 obj/VirtualSerial.o
                0x00000000000002d6                SetupHardware
 .text.uart_rx_ring_buffer_init
                0x000000000000036a       0x5e obj/VirtualSerial.o
                0x000000000000036a                uart_rx_ring_buffer_init
 .text.uart_tx_buffer_init
                0x00000000000003c8       0x28 obj/VirtualSerial.o
                0x00000000000003c8                uart_tx_buffer_init
 .text.uart_tx_dma_transfer_init
                0x00000000000003f0       0x5a obj/VirtualSerial.o
                0x00000000000003f0                uart_tx_dma_transfer_init
 .text.SetupUart
                0x000000000000044a       0x24 obj/VirtualSerial.o
                0x000000000000044a                SetupUart
 .text.SetupAdditionalPins
                0x000000000000046e       0x14 obj/VirtualSerial.o
                0x000000000000046e                SetupAdditionalPins
 .text.EVENT_USB_Device_Connect
                0x0000000000000482        0x2 obj/VirtualSerial.o
                0x0000000000000482                EVENT_USB_Device_Connect
 .text.EVENT_USB_Device_Disconnect
                0x0000000000000484        0x2 obj/VirtualSerial.o
                0x0000000000000484                EVENT_USB_Device_Disconnect
 .text.EVENT_USB_Device_ConfigurationChanged
                0x0000000000000486       0x2a obj/VirtualSerial.o
                0x0000000000000486                EVENT_USB_Device_ConfigurationChanged
 .text.EVENT_USB_Device_ControlRequest
                0x00000000000004b0       0xde obj/VirtualSerial.o
                0x00000000000004b0                EVENT_USB_Device_ControlRequest
 .text.CDC_Task
                0x000000000000058e       0xe4 obj/VirtualSerial.o
                0x000000000000058e                CDC_Task
 .text.startup.main
                0x0000000000000672       0x12 obj/VirtualSerial.o
                0x0000000000000672                main
 .text.__vector_8
                0x0000000000000684       0x3e obj/VirtualSerial.o
                0x0000000000000684                __vector_8
 .text.__vector_7
                0x00000000000006c2       0x8e obj/VirtualSerial.o
                0x00000000000006c2                __vector_7
 .text.CALLBACK_USB_GetDescriptor
                0x0000000000000750       0x60 obj/Descriptors.o
                0x0000000000000750                CALLBACK_USB_GetDescriptor
 .text.USB_Device_ProcessControlRequest
                0x00000000000007b0      0x24e obj/DeviceStandardReq.o
                0x00000000000007b0                USB_Device_ProcessControlRequest
 .text.USB_Event_Stub
                0x00000000000009fe        0x2 obj/Events.o
                0x00000000000009fe                EVENT_USB_Device_WakeUp
                0x00000000000009fe                USB_Event_Stub
                0x00000000000009fe                EVENT_USB_Device_Suspend
                0x00000000000009fe                EVENT_USB_Device_StartOfFrame
                0x00000000000009fe                EVENT_USB_Device_Reset
 .text.USB_USBTask
                0x0000000000000a00       0x22 obj/USBTask.o
                0x0000000000000a00                USB_USBTask
 .text.Endpoint_Write_Stream_LE
                0x0000000000000a22       0x9a obj/EndpointStream_XMEGA.o
                0x0000000000000a22                Endpoint_Write_Stream_LE
 .text.Endpoint_Read_Stream_LE
                0x0000000000000abc       0x9a obj/EndpointStream_XMEGA.o
                0x0000000000000abc                Endpoint_Read_Stream_LE
 .text.Endpoint_Write_Control_Stream_LE
                0x0000000000000b56       0xf8 obj/EndpointStream_XMEGA.o
                0x0000000000000b56                Endpoint_Write_Control_Stream_LE
 .text.Endpoint_Read_Control_Stream_LE
                0x0000000000000c4e       0xaa obj/EndpointStream_XMEGA.o
                0x0000000000000c4e                Endpoint_Read_Control_Stream_LE
 .text.Endpoint_Write_Control_PStream_LE
                0x0000000000000cf8       0xfc obj/EndpointStream_XMEGA.o
                0x0000000000000cf8                Endpoint_Write_Control_PStream_LE
 .text.Endpoint_ClearIN
                0x0000000000000df4       0x32 obj/Endpoint_XMEGA.o
                0x0000000000000df4                Endpoint_ClearIN
 .text.Endpoint_ClearOUT
                0x0000000000000e26       0x1e obj/Endpoint_XMEGA.o
                0x0000000000000e26                Endpoint_ClearOUT
 .text.Endpoint_Read_8
                0x0000000000000e44       0x20 obj/Endpoint_XMEGA.o
                0x0000000000000e44                Endpoint_Read_8
 .text.Endpoint_Write_8
                0x0000000000000e64       0x20 obj/Endpoint_XMEGA.o
                0x0000000000000e64                Endpoint_Write_8
 .text.Endpoint_SelectEndpoint
                0x0000000000000e84       0x6a obj/Endpoint_XMEGA.o
                0x0000000000000e84                Endpoint_SelectEndpoint
 .text.Endpoint_IsINReady
                0x0000000000000eee       0x18 obj/Endpoint_XMEGA.o
                0x0000000000000eee                Endpoint_IsINReady
 .text.Endpoint_IsOUTReceived
                0x0000000000000f06       0x34 obj/Endpoint_XMEGA.o
                0x0000000000000f06                Endpoint_IsOUTReceived
 .text.Endpoint_IsSETUPReceived
                0x0000000000000f3a       0x34 obj/Endpoint_XMEGA.o
                0x0000000000000f3a                Endpoint_IsSETUPReceived
 .text.Endpoint_ClearSETUP
                0x0000000000000f6e       0x58 obj/Endpoint_XMEGA.o
                0x0000000000000f6e                Endpoint_ClearSETUP
 .text.Endpoint_StallTransaction
                0x0000000000000fc6       0x36 obj/Endpoint_XMEGA.o
                0x0000000000000fc6                Endpoint_StallTransaction
 .text.Endpoint_ConfigureEndpoint_PRV
                0x0000000000000ffc       0x6a obj/Endpoint_XMEGA.o
                0x0000000000000ffc                Endpoint_ConfigureEndpoint_PRV
 .text.Endpoint_ClearEndpoints
                0x0000000000001066       0x38 obj/Endpoint_XMEGA.o
                0x0000000000001066                Endpoint_ClearEndpoints
 .text.Endpoint_ClearStatusStage
                0x000000000000109e       0x2c obj/Endpoint_XMEGA.o
                0x000000000000109e                Endpoint_ClearStatusStage
 .text.Endpoint_WaitUntilReady
                0x00000000000010ca       0x86 obj/Endpoint_XMEGA.o
                0x00000000000010ca                Endpoint_WaitUntilReady
 .text.USB_ResetInterface
                0x0000000000001150       0x5c obj/USBController_XMEGA.o
                0x0000000000001150                USB_ResetInterface
 .text.USB_Init
                0x00000000000011ac       0x54 obj/USBController_XMEGA.o
                0x00000000000011ac                USB_Init
 .text.USB_INT_DisableAllInterrupts
                0x0000000000001200        0xe obj/USBInterrupt_XMEGA.o
                0x0000000000001200                USB_INT_DisableAllInterrupts
 .text.USB_INT_ClearAllInterrupts
                0x000000000000120e        0xc obj/USBInterrupt_XMEGA.o
                0x000000000000120e                USB_INT_ClearAllInterrupts
 .text.__vector_125
                0x000000000000121a       0xec obj/USBInterrupt_XMEGA.o
                0x000000000000121a                __vector_125
 .text.libgcc.div
                0x0000000000001306       0x44 /usr/lib/gcc/avr/5.4.0/avrxmega7/libgcc.a(_udivmodsi4.o)
                0x0000000000001306                __udivmodsi4
                0x000000000000134a                . = ALIGN (0x2)
 *(.fini9)
 .fini9         0x000000000000134a        0x0 /usr/lib/gcc/avr/5.4.0/avrxmega7/libgcc.a(_exit.o)
                0x000000000000134a                exit
                0x000000000000134a                _exit
 *(.fini9)
 *(.fini8)
 *(.fini8)
 *(.fini7)
 *(.fini7)
 *(.fini6)
 *(.fini6)
 *(.fini5)
 *(.fini5)
 *(.fini4)
 *(.fini4)
 *(.fini3)
 *(.fini3)
 *(.fini2)
 *(.fini2)
 *(.fini1)
 *(.fini1)
 *(.fini0)
 .fini0         0x000000000000134a        0x4 /usr/lib/gcc/avr/5.4.0/avrxmega7/libgcc.a(_exit.o)
 *(.fini0)
                0x000000000000134e                _etext = .

.data           0x0000000000802000        0x8 load address 0x000000000000134e
                0x0000000000802000                PROVIDE (__data_start, .)
 *(.data)
 .data          0x0000000000802000        0x8 obj/VirtualSerial.o
                0x0000000000802000                dma_ready
 *(.data*)
 *(.gnu.linkonce.d*)
 *(.rodata)
 *(.rodata*)
 *(.gnu.linkonce.r*)
                0x0000000000802008                . = ALIGN (0x2)
                0x0000000000802008                _edata = .
                0x0000000000802008                PROVIDE (__data_end, .)

.bss            0x0000000000802008      0x580
                0x0000000000802008                PROVIDE (__bss_start, .)
 *(.bss)
 .bss           0x0000000000802008        0x3 obj/VirtualSerial.o
                0x0000000000802008                uart_tx_buffer_usb_pos
                0x0000000000802009                uart_tx_buffer_dma_pos
                0x000000000080200a                uart_rx_ring_read_pos
 *(.bss*)
 *(COMMON)
 COMMON         0x000000000080200b      0x284 obj/VirtualSerial.o
                0x000000000080200b                uart_tx_buffer
                0x000000000080220b                uart_tx_buffer_trfcnt
                0x000000000080220f                uart_rx_ring_buffer
 COMMON         0x000000000080228f        0x3 obj/DeviceStandardReq.o
                0x000000000080228f                USB_Device_ConfigurationNumber
                0x0000000000802290                USB_Device_CurrentlySelfPowered
                0x0000000000802291                USB_Device_RemoteWakeupEnabled
 COMMON         0x0000000000802292        0xa obj/USBTask.o
                0x0000000000802292                USB_IsInitialized
                0x0000000000802293                USB_DeviceState
                0x0000000000802294                USB_ControlRequest
 COMMON         0x000000000080229c      0x299 obj/Endpoint_XMEGA.o
                0x000000000080229c                USB_Endpoint_SelectedFIFO
                0x000000000080229e                USB_Endpoint_SelectedHandle
                0x00000000008022a0                USB_Endpoint_SelectedEndpoint
                0x00000000008022a1                USB_Endpoint_FIFOs
 COMMON         0x0000000000802535       0x53 obj/USBController_XMEGA.o
                0x0000000000802535                USB_EndpointTable
                0x0000000000802588                PROVIDE (__bss_end, .)
                0x000000000000134e                __data_load_start = LOADADDR (.data)
                0x0000000000001356                __data_load_end = (__data_load_start + SIZEOF (.data))

.noinit         0x0000000000802588        0x0
                [!provide]                        PROVIDE (__noinit_start, .)
 *(.noinit*)
                [!provide]                        PROVIDE (__noinit_end, .)
                0x0000000000802588                _end = .
                [!provide]                        PROVIDE (__heap_start, .)

.eeprom         0x0000000000810000        0x0
 *(.eeprom*)
                0x0000000000810000                __eeprom_end = .

.fuse
 *(.fuse)
 *(.lfuse)
 *(.hfuse)
 *(.efuse)

.lock
 *(.lock*)

.signature
 *(.signature*)

.user_signatures
 *(.user_signatures*)

.stab
 *(.stab)

.stabstr
 *(.stabstr)

.stab.excl
 *(.stab.excl)

.stab.exclstr
 *(.stab.exclstr)

.stab.index
 *(.stab.index)

.stab.indexstr
 *(.stab.indexstr)

.comment        0x0000000000000000       0x11
 *(.comment)
 .comment       0x0000000000000000       0x11 obj/VirtualSerial.o
                                         0x12 (size before relaxing)
 .comment       0x0000000000000011       0x12 obj/Descriptors.o
 .comment       0x0000000000000011       0x12 obj/DeviceStandardReq.o
 .comment       0x0000000000000011       0x12 obj/Events.o
 .comment       0x0000000000000011       0x12 obj/USBTask.o
 .comment       0x0000000000000011       0x12 obj/EndpointStream_XMEGA.o
 .comment       0x0000000000000011       0x12 obj/Endpoint_XMEGA.o
 .comment       0x0000000000000011       0x12 obj/USBController_XMEGA.o
 .comment       0x0000000000000011       0x12 obj/USBInterrupt_XMEGA.o

.note.gnu.avr.deviceinfo
                0x0000000000000000       0x40
 .note.gnu.avr.deviceinfo
                0x0000000000000000       0x40 /usr/lib/gcc/avr/5.4.0/../../../avr/lib/avrxmega7/crtatxmega128a4u.o

.note.gnu.build-id
 *(.note.gnu.build-id)

.debug
 *(.debug)

.line
 *(.line)

.debug_srcinfo
 *(.debug_srcinfo)

.debug_sfnames
 *(.debug_sfnames)

.debug_aranges  0x0000000000000000      0x2c8
 *(.debug_aranges)
 .debug_aranges
                0x0000000000000000       0x80 obj/VirtualSerial.o
 .debug_aranges
                0x0000000000000080       0x20 obj/Descriptors.o
 .debug_aranges
                0x00000000000000a0       0x20 obj/DeviceStandardReq.o
 .debug_aranges
                0x00000000000000c0       0x30 obj/Events.o
 .debug_aranges
                0x00000000000000f0       0x20 obj/USBTask.o
 .debug_aranges
                0x0000000000000110       0xc8 obj/EndpointStream_XMEGA.o
 .debug_aranges
                0x00000000000001d8       0x90 obj/Endpoint_XMEGA.o
 .debug_aranges
                0x0000000000000268       0x30 obj/USBController_XMEGA.o
 .debug_aranges
                0x0000000000000298       0x30 obj/USBInterrupt_XMEGA.o

.debug_pubnames
 *(.debug_pubnames)

.debug_info     0x0000000000000000     0xa297
 *(.debug_info .gnu.linkonce.wi.*)
 .debug_info    0x0000000000000000     0x284f /usr/lib/gcc/avr/5.4.0/../../../avr/lib/avrxmega7/crtatxmega128a4u.o
 .debug_info    0x000000000000284f     0x1d65 obj/VirtualSerial.o
 .debug_info    0x00000000000045b4      0x9b6 obj/Descriptors.o
 .debug_info    0x0000000000004f6a     0x1160 obj/DeviceStandardReq.o
 .debug_info    0x00000000000060ca       0xe5 obj/Events.o
 .debug_info    0x00000000000061af      0x423 obj/USBTask.o
 .debug_info    0x00000000000065d2     0x17a9 obj/EndpointStream_XMEGA.o
 .debug_info    0x0000000000007d7b      0xd2f obj/Endpoint_XMEGA.o
 .debug_info    0x0000000000008aaa      0xd6c obj/USBController_XMEGA.o
 .debug_info    0x0000000000009816      0xa81 obj/USBInterrupt_XMEGA.o

.debug_abbrev   0x0000000000000000     0x3c0d
 *(.debug_abbrev)
 .debug_abbrev  0x0000000000000000     0x262c /usr/lib/gcc/avr/5.4.0/../../../avr/lib/avrxmega7/crtatxmega128a4u.o
 .debug_abbrev  0x000000000000262c      0x456 obj/VirtualSerial.o
 .debug_abbrev  0x0000000000002a82      0x1b7 obj/Descriptors.o
 .debug_abbrev  0x0000000000002c39      0x311 obj/DeviceStandardReq.o
 .debug_abbrev  0x0000000000002f4a       0x99 obj/Events.o
 .debug_abbrev  0x0000000000002fe3      0x1fc obj/USBTask.o
 .debug_abbrev  0x00000000000031df      0x212 obj/EndpointStream_XMEGA.o
 .debug_abbrev  0x00000000000033f1      0x304 obj/Endpoint_XMEGA.o
 .debug_abbrev  0x00000000000036f5      0x2d1 obj/USBController_XMEGA.o
 .debug_abbrev  0x00000000000039c6      0x247 obj/USBInterrupt_XMEGA.o

.debug_line     0x0000000000000000     0x2d86
 *(.debug_line .debug_line.* .debug_line_end)
 .debug_line    0x0000000000000000       0x1a /usr/lib/gcc/avr/5.4.0/../../../avr/lib/avrxmega7/crtatxmega128a4u.o
 .debug_line    0x000000000000001a      0x6fd obj/VirtualSerial.o
 .debug_line    0x0000000000000717      0x232 obj/Descriptors.o
 .debug_line    0x0000000000000949      0x417 obj/DeviceStandardReq.o
 .debug_line    0x0000000000000d60       0x95 obj/Events.o
 .debug_line    0x0000000000000df5      0x179 obj/USBTask.o
 .debug_line    0x0000000000000f6e     0x1187 obj/EndpointStream_XMEGA.o
 .debug_line    0x00000000000020f5      0x61a obj/Endpoint_XMEGA.o
 .debug_line    0x000000000000270f      0x33d obj/USBController_XMEGA.o
 .debug_line    0x0000000000002a4c      0x33a obj/USBInterrupt_XMEGA.o

.debug_frame    0x0000000000000000      0x940
 *(.debug_frame)
 .debug_frame   0x0000000000000000      0x190 obj/VirtualSerial.o
 .debug_frame   0x0000000000000190       0x24 obj/Descriptors.o
 .debug_frame   0x00000000000001b4       0x40 obj/DeviceStandardReq.o
 .debug_frame   0x00000000000001f4       0x44 obj/Events.o
 .debug_frame   0x0000000000000238       0x2c obj/USBTask.o
 .debug_frame   0x0000000000000264      0x4a8 obj/EndpointStream_XMEGA.o
 .debug_frame   0x000000000000070c      0x14c obj/Endpoint_XMEGA.o
 .debug_frame   0x0000000000000858       0x5c obj/USBController_XMEGA.o
 .debug_frame   0x00000000000008b4       0x8c obj/USBInterrupt_XMEGA.o

.debug_str      0x0000000000000000     0x577b
 *(.debug_str)
 .debug_str     0x0000000000000000     0x1aa8 /usr/lib/gcc/avr/5.4.0/../../../avr/lib/avrxmega7/crtatxmega128a4u.o
 .debug_str     0x0000000000001aa8     0x21e8 obj/VirtualSerial.o
                                       0x229c (size before relaxing)
 .debug_str     0x0000000000003c90      0x983 obj/Descriptors.o
                                        0xc9c (size before relaxing)
 .debug_str     0x0000000000004613      0x789 obj/DeviceStandardReq.o
                                       0x11e6 (size before relaxing)
 .debug_str     0x0000000000004d9c       0x58 obj/Events.o
                                        0x1e1 (size before relaxing)
 .debug_str     0x0000000000004df4       0x72 obj/USBTask.o
                                        0x483 (size before relaxing)
 .debug_str     0x0000000000004e66      0x453 obj/EndpointStream_XMEGA.o
                                        0x998 (size before relaxing)
 .debug_str     0x00000000000052b9      0x206 obj/Endpoint_XMEGA.o
                                        0xb09 (size before relaxing)
 .debug_str     0x00000000000054bf      0x1f4 obj/USBController_XMEGA.o
                                        0xeb7 (size before relaxing)
 .debug_str     0x00000000000056b3       0xc8 obj/USBInterrupt_XMEGA.o
                                        0x96a (size before relaxing)

.debug_loc      0x0000000000000000     0x33c8
 *(.debug_loc)
 .debug_loc     0x0000000000000000      0x564 obj/VirtualSerial.o
 .debug_loc     0x0000000000000564      0x186 obj/Descriptors.o
 .debug_loc     0x00000000000006ea      0x2a5 obj/DeviceStandardReq.o
 .debug_loc     0x000000000000098f       0x22 obj/USBTask.o
 .debug_loc     0x00000000000009b1     0x22e6 obj/EndpointStream_XMEGA.o
 .debug_loc     0x0000000000002c97      0x458 obj/Endpoint_XMEGA.o
 .debug_loc     0x00000000000030ef       0xf5 obj/USBController_XMEGA.o
 .debug_loc     0x00000000000031e4      0x1e4 obj/USBInterrupt_XMEGA.o

.debug_macinfo
 *(.debug_macinfo)

.debug_weaknames
 *(.debug_weaknames)

.debug_funcnames
 *(.debug_funcnames)

.debug_typenames
 *(.debug_typenames)

.debug_varnames
 *(.debug_varnames)

.debug_pubtypes
 *(.debug_pubtypes)

.debug_ranges   0x0000000000000000      0x3c8
 *(.debug_ranges)
 .debug_ranges  0x0000000000000000       0x88 obj/VirtualSerial.o
 .debug_ranges  0x0000000000000088       0x28 obj/Descriptors.o
 .debug_ranges  0x00000000000000b0       0x28 obj/DeviceStandardReq.o
 .debug_ranges  0x00000000000000d8       0x20 obj/Events.o
 .debug_ranges  0x00000000000000f8       0x28 obj/USBTask.o
 .debug_ranges  0x0000000000000120      0x1b8 obj/EndpointStream_XMEGA.o
 .debug_ranges  0x00000000000002d8       0xb0 obj/Endpoint_XMEGA.o
 .debug_ranges  0x0000000000000388       0x20 obj/USBController_XMEGA.o
 .debug_ranges  0x00000000000003a8       0x20 obj/USBInterrupt_XMEGA.o

.debug_macro
 *(.debug_macro)
OUTPUT(VirtualSerial.elf elf32-avr)
LOAD linker stubs

Cross Reference Table

Symbol                                            File
CALLBACK_HIDParser_FilterHIDReportItem            obj/HIDParser.o
CALLBACK_USB_GetDescriptor                        obj/Descriptors.o
                                                  obj/DeviceStandardReq.o
CDC_Task                                          obj/VirtualSerial.o
ConfigurationDescriptor                           obj/Descriptors.o
DeviceDescriptor                                  obj/Descriptors.o
EVENT_USB_Device_ConfigurationChanged             obj/VirtualSerial.o
                                                  obj/DeviceStandardReq.o
EVENT_USB_Device_Connect                          obj/VirtualSerial.o
                                                  obj/USBInterrupt_XMEGA.o
EVENT_USB_Device_ControlRequest                   obj/VirtualSerial.o
                                                  obj/DeviceStandardReq.o
EVENT_USB_Device_Disconnect                       obj/VirtualSerial.o
                                                  obj/USBInterrupt_XMEGA.o
EVENT_USB_Device_Reset                            obj/Events.o
                                                  obj/USBInterrupt_XMEGA.o
EVENT_USB_Device_StartOfFrame                     obj/Events.o
                                                  obj/USBInterrupt_XMEGA.o
EVENT_USB_Device_Suspend                          obj/Events.o
EVENT_USB_Device_WakeUp                           obj/Events.o
Endpoint_ClearEndpoints                           obj/Endpoint_XMEGA.o
                                                  obj/USBInterrupt_XMEGA.o
Endpoint_ClearIN                                  obj/Endpoint_XMEGA.o
                                                  obj/EndpointStream_XMEGA.o
                                                  obj/DeviceStandardReq.o
                                                  obj/VirtualSerial.o
Endpoint_ClearOUT                                 obj/Endpoint_XMEGA.o
                                                  obj/EndpointStream_XMEGA.o
                                                  obj/DeviceStandardReq.o
                                                  obj/VirtualSerial.o
Endpoint_ClearSETUP                               obj/Endpoint_XMEGA.o
                                                  obj/DeviceStandardReq.o
                                                  obj/VirtualSerial.o
Endpoint_ClearStatusStage                         obj/Endpoint_XMEGA.o
                                                  obj/DeviceStandardReq.o
                                                  obj/VirtualSerial.o
Endpoint_ConfigureEndpointTable                   obj/Endpoint_XMEGA.o
Endpoint_ConfigureEndpoint_PRV                    obj/Endpoint_XMEGA.o
                                                  obj/USBInterrupt_XMEGA.o
                                                  obj/USBController_XMEGA.o
                                                  obj/VirtualSerial.o
Endpoint_Discard_Stream                           obj/EndpointStream_XMEGA.o
Endpoint_IsINReady                                obj/Endpoint_XMEGA.o
                                                  obj/EndpointStream_XMEGA.o
                                                  obj/DeviceStandardReq.o
Endpoint_IsOUTReceived                            obj/Endpoint_XMEGA.o
                                                  obj/EndpointStream_XMEGA.o
                                                  obj/VirtualSerial.o
Endpoint_IsSETUPReceived                          obj/Endpoint_XMEGA.o
                                                  obj/EndpointStream_XMEGA.o
                                                  obj/USBTask.o
                                                  obj/DeviceStandardReq.o
Endpoint_Null_Stream                              obj/EndpointStream_XMEGA.o
Endpoint_Read_8                                   obj/Endpoint_XMEGA.o
                                                  obj/EndpointStream_XMEGA.o
                                                  obj/DeviceStandardReq.o
Endpoint_Read_Control_EStream_BE                  obj/EndpointStream_XMEGA.o
Endpoint_Read_Control_EStream_LE                  obj/EndpointStream_XMEGA.o
Endpoint_Read_Control_Stream_BE                   obj/EndpointStream_XMEGA.o
Endpoint_Read_Control_Stream_LE                   obj/EndpointStream_XMEGA.o
                                                  obj/VirtualSerial.o
Endpoint_Read_EStream_BE                          obj/EndpointStream_XMEGA.o
Endpoint_Read_EStream_LE                          obj/EndpointStream_XMEGA.o
Endpoint_Read_Stream_BE                           obj/EndpointStream_XMEGA.o
Endpoint_Read_Stream_LE                           obj/EndpointStream_XMEGA.o
                                                  obj/VirtualSerial.o
Endpoint_SelectEndpoint                           obj/Endpoint_XMEGA.o
                                                  obj/EndpointStream_XMEGA.o
                                                  obj/USBTask.o
                                                  obj/DeviceStandardReq.o
                                                  obj/VirtualSerial.o
Endpoint_StallTransaction                         obj/Endpoint_XMEGA.o
                                                  obj/DeviceStandardReq.o
Endpoint_WaitUntilReady                           obj/Endpoint_XMEGA.o
                                                  obj/EndpointStream_XMEGA.o
                                                  obj/VirtualSerial.o
Endpoint_Write_8                                  obj/Endpoint_XMEGA.o
                                                  obj/EndpointStream_XMEGA.o
                                                  obj/DeviceStandardReq.o
Endpoint_Write_Control_EStream_BE                 obj/EndpointStream_XMEGA.o
Endpoint_Write_Control_EStream_LE                 obj/EndpointStream_XMEGA.o
Endpoint_Write_Control_PStream_BE                 obj/EndpointStream_XMEGA.o
Endpoint_Write_Control_PStream_LE                 obj/EndpointStream_XMEGA.o
                                                  obj/DeviceStandardReq.o
Endpoint_Write_Control_Stream_BE                  obj/EndpointStream_XMEGA.o
Endpoint_Write_Control_Stream_LE                  obj/EndpointStream_XMEGA.o
                                                  obj/DeviceStandardReq.o
                                                  obj/VirtualSerial.o
Endpoint_Write_EStream_BE                         obj/EndpointStream_XMEGA.o
Endpoint_Write_EStream_LE                         obj/EndpointStream_XMEGA.o
Endpoint_Write_PStream_BE                         obj/EndpointStream_XMEGA.o
Endpoint_Write_PStream_LE                         obj/EndpointStream_XMEGA.o
Endpoint_Write_Stream_BE                          obj/EndpointStream_XMEGA.o
Endpoint_Write_Stream_LE                          obj/EndpointStream_XMEGA.o
                                                  obj/VirtualSerial.o
LanguageString                                    obj/Descriptors.o
ManufacturerString                                obj/Descriptors.o
ProductString                                     obj/Descriptors.o
SetupAdditionalPins                               obj/VirtualSerial.o
SetupHardware                                     obj/VirtualSerial.o
SetupUart                                         obj/VirtualSerial.o
USB_ControlRequest                                obj/USBTask.o
                                                  obj/Endpoint_XMEGA.o
                                                  obj/EndpointStream_XMEGA.o
                                                  obj/DeviceStandardReq.o
                                                  obj/VirtualSerial.o
USB_DeviceState                                   obj/USBTask.o
                                                  obj/USBInterrupt_XMEGA.o
                                                  obj/USBController_XMEGA.o
                                                  obj/Endpoint_XMEGA.o
                                                  obj/EndpointStream_XMEGA.o
                                                  obj/DeviceStandardReq.o
                                                  obj/VirtualSerial.o
USB_Device_ConfigurationNumber                    obj/DeviceStandardReq.o
                                                  obj/USBInterrupt_XMEGA.o
                                                  obj/USBController_XMEGA.o
USB_Device_CurrentlySelfPowered                   obj/DeviceStandardReq.o
                                                  obj/USBController_XMEGA.o
USB_Device_ProcessControlRequest                  obj/DeviceStandardReq.o
                                                  obj/USBTask.o
USB_Device_RemoteWakeupEnabled                    obj/DeviceStandardReq.o
                                                  obj/USBController_XMEGA.o
USB_Device_SendRemoteWakeup                       obj/Device_XMEGA.o
USB_Disable                                       obj/USBController_XMEGA.o
USB_EndpointTable                                 obj/USBController_XMEGA.o
USB_Endpoint_FIFOs                                obj/Endpoint_XMEGA.o
                                                  obj/DeviceStandardReq.o
USB_Endpoint_SelectedEndpoint                     obj/Endpoint_XMEGA.o
                                                  obj/EndpointStream_XMEGA.o
                                                  obj/USBTask.o
                                                  obj/VirtualSerial.o
USB_Endpoint_SelectedFIFO                         obj/Endpoint_XMEGA.o
                                                  obj/EndpointStream_XMEGA.o
                                                  obj/VirtualSerial.o
USB_Endpoint_SelectedHandle                       obj/Endpoint_XMEGA.o
                                                  obj/DeviceStandardReq.o
USB_Event_Stub                                    obj/Events.o
USB_Event_Stub_2                                  obj/Events.o
USB_Event_Stub_3                                  obj/Events.o
USB_GetHIDReportItemInfo                          obj/HIDParser.o
USB_GetHIDReportSize                              obj/HIDParser.o
USB_GetNextDescriptorComp                         obj/ConfigDescriptors.o
USB_GetNextDescriptorOfType                       obj/ConfigDescriptors.o
USB_GetNextDescriptorOfTypeAfter                  obj/ConfigDescriptors.o
USB_GetNextDescriptorOfTypeBefore                 obj/ConfigDescriptors.o
USB_INT_ClearAllInterrupts                        obj/USBInterrupt_XMEGA.o
                                                  obj/USBController_XMEGA.o
USB_INT_DisableAllInterrupts                      obj/USBInterrupt_XMEGA.o
                                                  obj/USBController_XMEGA.o
USB_Init                                          obj/USBController_XMEGA.o
                                                  obj/VirtualSerial.o
USB_IsInitialized                                 obj/USBTask.o
                                                  obj/USBController_XMEGA.o
USB_ProcessHIDReport                              obj/HIDParser.o
USB_ResetInterface                                obj/USBController_XMEGA.o
USB_SetHIDReportItemInfo                          obj/HIDParser.o
USB_USBTask                                       obj/USBTask.o
                                                  obj/EndpointStream_XMEGA.o
                                                  obj/VirtualSerial.o
__DATA_REGION_LENGTH__                            /usr/lib/gcc/avr/5.4.0/../../../avr/lib/avrxmega7/crtatxmega128a4u.o
__DATA_REGION_ORIGIN__                            /usr/lib/gcc/avr/5.4.0/../../../avr/lib/avrxmega7/crtatxmega128a4u.o
__EEPROM_REGION_LENGTH__                          /usr/lib/gcc/avr/5.4.0/../../../avr/lib/avrxmega7/crtatxmega128a4u.o
__FUSE_REGION_LENGTH__                            /usr/lib/gcc/avr/5.4.0/../../../avr/lib/avrxmega7/crtatxmega128a4u.o
__TEXT_REGION_LENGTH__                            /usr/lib/gcc/avr/5.4.0/../../../avr/lib/avrxmega7/crtatxmega128a4u.o
__TEXT_REGION_ORIGIN__                            /usr/lib/gcc/avr/5.4.0/../../../avr/lib/avrxmega7/crtatxmega128a4u.o
__bad_interrupt                                   /usr/lib/gcc/avr/5.4.0/../../../avr/lib/avrxmega7/crtatxmega128a4u.o
__bss_end                                         /usr/lib/gcc/avr/5.4.0/avrxmega7/libgcc.a(_clear_bss.o)
__bss_start                                       /usr/lib/gcc/avr/5.4.0/avrxmega7/libgcc.a(_clear_bss.o)
__data_end                                        /usr/lib/gcc/avr/5.4.0/avrxmega7/libgcc.a(_copy_data.o)
__data_load_start                                 /usr/lib/gcc/avr/5.4.0/avrxmega7/libgcc.a(_copy_data.o)
__data_start                                      /usr/lib/gcc/avr/5.4.0/avrxmega7/libgcc.a(_copy_data.o)
__do_clear_bss                                    /usr/lib/gcc/avr/5.4.0/avrxmega7/libgcc.a(_clear_bss.o)
                                                  obj/USBController_XMEGA.o
                                                  obj/Endpoint_XMEGA.o
                                                  obj/USBTask.o
                                                  obj/DeviceStandardReq.o
                                                  obj/VirtualSerial.o
__do_copy_data                                    /usr/lib/gcc/avr/5.4.0/avrxmega7/libgcc.a(_copy_data.o)
                                                  obj/VirtualSerial.o
__heap_end                                        /usr/lib/gcc/avr/5.4.0/../../../avr/lib/avrxmega7/crtatxmega128a4u.o
__init                                            /usr/lib/gcc/avr/5.4.0/../../../avr/lib/avrxmega7/crtatxmega128a4u.o
__stack                                           /usr/lib/gcc/avr/5.4.0/../../../avr/lib/avrxmega7/crtatxmega128a4u.o
__udivmodsi4                                      /usr/lib/gcc/avr/5.4.0/avrxmega7/libgcc.a(_udivmodsi4.o)
                                                  obj/VirtualSerial.o
__vector_1                                        /usr/lib/gcc/avr/5.4.0/../../../avr/lib/avrxmega7/crtatxmega128a4u.o
__vector_10                                       /usr/lib/gcc/avr/5.4.0/../../../avr/lib/avrxmega7/crtatxmega128a4u.o
__vector_100                                      /usr/lib/gcc/avr/5.4.0/../../../avr/lib/avrxmega7/crtatxmega128a4u.o
__vector_101                                      /usr/lib/gcc/avr/5.4.0/../../../avr/lib/avrxmega7/crtatxmega128a4u.o
__vector_102                                      /usr/lib/gcc/avr/5.4.0/../../../avr/lib/avrxmega7/crtatxmega128a4u.o
__vector_103                                      /usr/lib/gcc/avr/5.4.0/../../../avr/lib/avrxmega7/crtatxmega128a4u.o
__vector_104                                      /usr/lib/gcc/avr/5.4.0/../../../avr/lib/avrxmega7/crtatxmega128a4u.o
__vector_105                                      /usr/lib/gcc/avr/5.4.0/../../../avr/lib/avrxmega7/crtatxmega128a4u.o
__vector_106                                      /usr/lib/gcc/avr/5.4.0/../../../avr/lib/avrxmega7/crtatxmega128a4u.o
__vector_107                                      /usr/lib/gcc/avr/5.4.0/../../../avr/lib/avrxmega7/crtatxmega128a4u.o
__vector_108                                      /usr/lib/gcc/avr/5.4.0/../../../avr/lib/avrxmega7/crtatxmega128a4u.o
__vector_109                                      /usr/lib/gcc/avr/5.4.0/../../../avr/lib/avrxmega7/crtatxmega128a4u.o
__vector_11                                       /usr/lib/gcc/avr/5.4.0/../../../avr/lib/avrxmega7/crtatxmega128a4u.o
__vector_110                                      /usr/lib/gcc/avr/5.4.0/../../../avr/lib/avrxmega7/crtatxmega128a4u.o
__vector_111                                      /usr/lib/gcc/avr/5.4.0/../../../avr/lib/avrxmega7/crtatxmega128a4u.o
__vector_112                                      /usr/lib/gcc/avr/5.4.0/../../../avr/lib/avrxmega7/crtatxmega128a4u.o
__vector_113                                      /usr/lib/gcc/avr/5.4.0/../../../avr/lib/avrxmega7/crtatxmega128a4u.o
__vector_114                                      /usr/lib/gcc/avr/5.4.0/../../../avr/lib/avrxmega7/crtatxmega128a4u.o
__vector_115                                      /usr/lib/gcc/avr/5.4.0/../../../avr/lib/avrxmega7/crtatxmega128a4u.o
__vector_116                                      /usr/lib/gcc/avr/5.4.0/../../../avr/lib/avrxmega7/crtatxmega128a4u.o
__vector_117                                      /usr/lib/gcc/avr/5.4.0/../../../avr/lib/avrxmega7/crtatxmega128a4u.o
__vector_118                                      /usr/lib/gcc/avr/5.4.0/../../../avr/lib/avrxmega7/crtatxmega128a4u.o
__vector_119                                      /usr/lib/gcc/avr/5.4.0/../../../avr/lib/avrxmega7/crtatxmega128a4u.o
__vector_12                                       /usr/lib/gcc/avr/5.4.0/../../../avr/lib/avrxmega7/crtatxmega128a4u.o
__vector_120                                      /usr/lib/gcc/avr/5.4.0/../../../avr/lib/avrxmega7/crtatxmega128a4u.o
__vector_121                                      /usr/lib/gcc/avr/5.4.0/../../../avr/lib/avrxmega7/crtatxmega128a4u.o
__vector_122                                      /usr/lib/gcc/avr/5.4.0/../../../avr/lib/avrxmega7/crtatxmega128a4u.o
__vector_123                                      /usr/lib/gcc/avr/5.4.0/../../../avr/lib/avrxmega7/crtatxmega128a4u.o
__vector_124                                      /usr/lib/gcc/avr/5.4.0/../../../avr/lib/avrxmega7/crtatxmega128a4u.o
__vector_125                                      obj/USBInterrupt_XMEGA.o
                                                  /usr/lib/gcc/avr/5.4.0/../../../avr/lib/avrxmega7/crtatxmega128a4u.o
__vector_126                                      /usr/lib/gcc/avr/5.4.0/../../../avr/lib/avrxmega7/crtatxmega128a4u.o
__vector_13                                       /usr/lib/gcc/avr/5.4.0/../../../avr/lib/avrxmega7/crtatxmega128a4u.o
__vector_14                                       /usr/lib/gcc/avr/5.4.0/../../../avr/lib/avrxmega7/crtatxmega128a4u.o
__vector_15                                       /usr/lib/gcc/avr/5.4.0/../../../avr/lib/avrxmega7/crtatxmega128a4u.o
__vector_16                                       /usr/lib/gcc/avr/5.4.0/../../../avr/lib/avrxmega7/crtatxmega128a4u.o
__vector_17                                       /usr/lib/gcc/avr/5.4.0/../../../avr/lib/avrxmega7/crtatxmega128a4u.o
__vector_18                                       /usr/lib/gcc/avr/5.4.0/../../../avr/lib/avrxmega7/crtatxmega128a4u.o
__vector_19                                       /usr/lib/gcc/avr/5.4.0/../../../avr/lib/avrxmega7/crtatxmega128a4u.o
__vector_2                                        /usr/lib/gcc/avr/5.4.0/../../../avr/lib/avrxmega7/crtatxmega128a4u.o
__vector_20                                       /usr/lib/gcc/avr/5.4.0/../../../avr/lib/avrxmega7/crtatxmega128a4u.o
__vector_21                                       /usr/lib/gcc/avr/5.4.0/../../../avr/lib/avrxmega7/crtatxmega128a4u.o
__vector_22                                       /usr/lib/gcc/avr/5.4.0/../../../avr/lib/avrxmega7/crtatxmega128a4u.o
__vector_23                                       /usr/lib/gcc/avr/5.4.0/../../../avr/lib/avrxmega7/crtatxmega128a4u.o
__vector_24                                       /usr/lib/gcc/avr/5.4.0/../../../avr/lib/avrxmega7/crtatxmega128a4u.o
__vector_25                                       /usr/lib/gcc/avr/5.4.0/../../../avr/lib/avrxmega7/crtatxmega128a4u.o
__vector_26                                       /usr/lib/gcc/avr/5.4.0/../../../avr/lib/avrxmega7/crtatxmega128a4u.o
__vector_27                                       /usr/lib/gcc/avr/5.4.0/../../../avr/lib/avrxmega7/crtatxmega128a4u.o
__vector_28                                       /usr/lib/gcc/avr/5.4.0/../../../avr/lib/avrxmega7/crtatxmega128a4u.o
__vector_29                                       /usr/lib/gcc/avr/5.4.0/../../../avr/lib/avrxmega7/crtatxmega128a4u.o
__vector_3                                        /usr/lib/gcc/avr/5.4.0/../../../avr/lib/avrxmega7/crtatxmega128a4u.o
__vector_30                                       /usr/lib/gcc/avr/5.4.0/../../../avr/lib/avrxmega7/crtatxmega128a4u.o
__vector_31                                       /usr/lib/gcc/avr/5.4.0/../../../avr/lib/avrxmega7/crtatxmega128a4u.o
__vector_32                                       /usr/lib/gcc/avr/5.4.0/../../../avr/lib/avrxmega7/crtatxmega128a4u.o
__vector_33                                       /usr/lib/gcc/avr/5.4.0/../../../avr/lib/avrxmega7/crtatxmega128a4u.o
__vector_34                                       /usr/lib/gcc/avr/5.4.0/../../../avr/lib/avrxmega7/crtatxmega128a4u.o
__vector_35                                       /usr/lib/gcc/avr/5.4.0/../../../avr/lib/avrxmega7/crtatxmega128a4u.o
__vector_36                                       /usr/lib/gcc/avr/5.4.0/../../../avr/lib/avrxmega7/crtatxmega128a4u.o
__vector_37                                       /usr/lib/gcc/avr/5.4.0/../../../avr/lib/avrxmega7/crtatxmega128a4u.o
__vector_38                                       /usr/lib/gcc/avr/5.4.0/../../../avr/lib/avrxmega7/crtatxmega128a4u.o
__vector_39                                       /usr/lib/gcc/avr/5.4.0/../../../avr/lib/avrxmega7/crtatxmega128a4u.o
__vector_4                                        /usr/lib/gcc/avr/5.4.0/../../../avr/lib/avrxmega7/crtatxmega128a4u.o
__vector_40                                       /usr/lib/gcc/avr/5.4.0/../../../avr/lib/avrxmega7/crtatxmega128a4u.o
__vector_41                                       /usr/lib/gcc/avr/5.4.0/../../../avr/lib/avrxmega7/crtatxmega128a4u.o
__vector_42                                       /usr/lib/gcc/avr/5.4.0/../../../avr/lib/avrxmega7/crtatxmega128a4u.o
__vector_43                                       /usr/lib/gcc/avr/5.4.0/../../../avr/lib/avrxmega7/crtatxmega128a4u.o
__vector_44                                       /usr/lib/gcc/avr/5.4.0/../../../avr/lib/avrxmega7/crtatxmega128a4u.o
__vector_45                                       /usr/lib/gcc/avr/5.4.0/../../../avr/lib/avrxmega7/crtatxmega128a4u.o
__vector_46                                       /usr/lib/gcc/avr/5.4.0/../../../avr/lib/avrxmega7/crtatxmega128a4u.o
__vector_47                                       /usr/lib/gcc/avr/5.4.0/../../../avr/lib/avrxmega7/crtatxmega128a4u.o
__vector_48                                       /usr/lib/gcc/avr/5.4.0/../../../avr/lib/avrxmega7/crtatxmega128a4u.o
__vector_49                                       /usr/lib/gcc/avr/5.4.0/../../../avr/lib/avrxmega7/crtatxmega128a4u.o
__vector_5                                        /usr/lib/gcc/avr/5.4.0/../../../avr/lib/avrxmega7/crtatxmega128a4u.o
__vector_50                                       /usr/lib/gcc/avr/5.4.0/../../../avr/lib/avrxmega7/crtatxmega128a4u.o
__vector_51                                       /usr/lib/gcc/avr/5.4.0/../../../avr/lib/avrxmega7/crtatxmega128a4u.o
__vector_52                                       /usr/lib/gcc/avr/5.4.0/../../../avr/lib/avrxmega7/crtatxmega128a4u.o
__vector_53                                       /usr/lib/gcc/avr/5.4.0/../../../avr/lib/avrxmega7/crtatxmega128a4u.o
__vector_54                                       /usr/lib/gcc/avr/5.4.0/../../../avr/lib/avrxmega7/crtatxmega128a4u.o
__vector_55                                       /usr/lib/gcc/avr/5.4.0/../../../avr/lib/avrxmega7/crtatxmega128a4u.o
__vector_56                                       /usr/lib/gcc/avr/5.4.0/../../../avr/lib/avrxmega7/crtatxmega128a4u.o
__vector_57                                       /usr/lib/gcc/avr/5.4.0/../../../avr/lib/avrxmega7/crtatxmega128a4u.o
__vector_58                                       /usr/lib/gcc/avr/5.4.0/../../../avr/lib/avrxmega7/crtatxmega128a4u.o
__vector_59                                       /usr/lib/gcc/avr/5.4.0/../../../avr/lib/avrxmega7/crtatxmega128a4u.o
__vector_6                                        /usr/lib/gcc/avr/5.4.0/../../../avr/lib/avrxmega7/crtatxmega128a4u.o
__vector_60                                       /usr/lib/gcc/avr/5.4.0/../../../avr/lib/avrxmega7/crtatxmega128a4u.o
__vector_61                                       /usr/lib/gcc/avr/5.4.0/../../../avr/lib/avrxmega7/crtatxmega128a4u.o
__vector_62                                       /usr/lib/gcc/avr/5.4.0/../../../avr/lib/avrxmega7/crtatxmega128a4u.o
__vector_63                                       /usr/lib/gcc/avr/5.4.0/../../../avr/lib/avrxmega7/crtatxmega128a4u.o
__vector_64                                       /usr/lib/gcc/avr/5.4.0/../../../avr/lib/avrxmega7/crtatxmega128a4u.o
__vector_65                                       /usr/lib/gcc/avr/5.4.0/../../../avr/lib/avrxmega7/crtatxmega128a4u.o
__vector_66                                       /usr/lib/gcc/avr/5.4.0/../../../avr/lib/avrxmega7/crtatxmega128a4u.o
__vector_67                                       /usr/lib/gcc/avr/5.4.0/../../../avr/lib/avrxmega7/crtatxmega128a4u.o
__vector_68                                       /usr/lib/gcc/avr/5.4.0/../../../avr/lib/avrxmega7/crtatxmega128a4u.o
__vector_69                                       /usr/lib/gcc/avr/5.4.0/../../../avr/lib/avrxmega7/crtatxmega128a4u.o
__vector_7                                        obj/VirtualSerial.o
                                                  /usr/lib/gcc/avr/5.4.0/../../../avr/lib/avrxmega7/crtatxmega128a4u.o
__vector_70                                       /usr/lib/gcc/avr/5.4.0/../../../avr/lib/avrxmega7/crtatxmega128a4u.o
__vector_71                                       /usr/lib/gcc/avr/5.4.0/../../../avr/lib/avrxmega7/crtatxmega128a4u.o
__vector_72                                       /usr/lib/gcc/avr/5.4.0/../../../avr/lib/avrxmega7/crtatxmega128a4u.o
__vector_73                                       /usr/lib/gcc/avr/5.4.0/../../../avr/lib/avrxmega7/crtatxmega128a4u.o
__vector_74                                       /usr/lib/gcc/avr/5.4.0/../../../avr/lib/avrxmega7/crtatxmega128a4u.o
__vector_75                                       /usr/lib/gcc/avr/5.4.0/../../../avr/lib/avrxmega7/crtatxmega128a4u.o
__vector_76                                       /usr/lib/gcc/avr/5.4.0/../../../avr/lib/avrxmega7/crtatxmega128a4u.o
__vector_77                                       /usr/lib/gcc/avr/5.4.0/../../../avr/lib/avrxmega7/crtatxmega128a4u.o
__vector_78                                       /usr/lib/gcc/avr/5.4.0/../../../avr/lib/avrxmega7/crtatxmega128a4u.o
__vector_79                                       /usr/lib/gcc/avr/5.4.0/../../../avr/lib/avrxmega7/crtatxmega128a4u.o
__vector_8                                        obj/VirtualSerial.o
                                                  /usr/lib/gcc/avr/5.4.0/../../../avr/lib/avrxmega7/crtatxmega128a4u.o
__vector_80                                       /usr/lib/gcc/avr/5.4.0/../../../avr/lib/avrxmega7/crtatxmega128a4u.o
__vector_81                                       /usr/lib/gcc/avr/5.4.0/../../../avr/lib/avrxmega7/crtatxmega128a4u.o
__vector_82                                       /usr/lib/gcc/avr/5.4.0/../../../avr/lib/avrxmega7/crtatxmega128a4u.o
__vector_83                                       /usr/lib/gcc/avr/5.4.0/../../../avr/lib/avrxmega7/crtatxmega128a4u.o
__vector_84                                       /usr/lib/gcc/avr/5.4.0/../../../avr/lib/avrxmega7/crtatxmega128a4u.o
__vector_85                                       /usr/lib/gcc/avr/5.4.0/../../../avr/lib/avrxmega7/crtatxmega128a4u.o
__vector_86                                       /usr/lib/gcc/avr/5.4.0/../../../avr/lib/avrxmega7/crtatxmega128a4u.o
__vector_87                                       /usr/lib/gcc/avr/5.4.0/../../../avr/lib/avrxmega7/crtatxmega128a4u.o
__vector_88                                       /usr/lib/gcc/avr/5.4.0/../../../avr/lib/avrxmega7/crtatxmega128a4u.o
__vector_89                                       /usr/lib/gcc/avr/5.4.0/../../../avr/lib/avrxmega7/crtatxmega128a4u.o
__vector_9                                        /usr/lib/gcc/avr/5.4.0/../../../avr/lib/avrxmega7/crtatxmega128a4u.o
__vector_90                                       /usr/lib/gcc/avr/5.4.0/../../../avr/lib/avrxmega7/crtatxmega128a4u.o
__vector_91                                       /usr/lib/gcc/avr/5.4.0/../../../avr/lib/avrxmega7/crtatxmega128a4u.o
__vector_92                                       /usr/lib/gcc/avr/5.4.0/../../../avr/lib/avrxmega7/crtatxmega128a4u.o
__vector_93                                       /usr/lib/gcc/avr/5.4.0/../../../avr/lib/avrxmega7/crtatxmega128a4u.o
__vector_94                                       /usr/lib/gcc/avr/5.4.0/../../../avr/lib/avrxmega7/crtatxmega128a4u.o
__vector_95                                       /usr/lib/gcc/avr/5.4.0/../../../avr/lib/avrxmega7/crtatxmega128a4u.o
__vector_96                                       /usr/lib/gcc/avr/5.4.0/../../../avr/lib/avrxmega7/crtatxmega128a4u.o
__vector_97                                       /usr/lib/gcc/avr/5.4.0/../../../avr/lib/avrxmega7/crtatxmega128a4u.o
__vector_98                                       /usr/lib/gcc/avr/5.4.0/../../../avr/lib/avrxmega7/crtatxmega128a4u.o
__vector_99                                       /usr/lib/gcc/avr/5.4.0/../../../avr/lib/avrxmega7/crtatxmega128a4u.o
__vector_default                                  /usr/lib/gcc/avr/5.4.0/../../../avr/lib/avrxmega7/crtatxmega128a4u.o
__vectors                                         /usr/lib/gcc/avr/5.4.0/../../../avr/lib/avrxmega7/crtatxmega128a4u.o
_exit                                             /usr/lib/gcc/avr/5.4.0/avrxmega7/libgcc.a(_exit.o)
dma_ready                                         obj/VirtualSerial.o
eeprom_mapen                                      /usr/lib/gcc/avr/5.4.0/../../../avr/lib/avrxmega7/libatxmega128a4u.a(eerd_byte.o)
                                                  /usr/lib/gcc/avr/5.4.0/../../../avr/lib/avrxmega7/libatxmega128a4u.a(eeupd_byte.o)
eeprom_read_byte                                  /usr/lib/gcc/avr/5.4.0/../../../avr/lib/avrxmega7/libatxmega128a4u.a(eerd_byte.o)
                                                  obj/EndpointStream_XMEGA.o
eeprom_update_byte                                /usr/lib/gcc/avr/5.4.0/../../../avr/lib/avrxmega7/libatxmega128a4u.a(eeupd_byte.o)
                                                  obj/EndpointStream_XMEGA.o
eeprom_update_r18                                 /usr/lib/gcc/avr/5.4.0/../../../avr/lib/avrxmega7/libatxmega128a4u.a(eeupd_byte.o)
eeprom_write_byte                                 /usr/lib/gcc/avr/5.4.0/../../../avr/lib/avrxmega7/libatxmega128a4u.a(eewr_byte.o)
eeprom_write_r18                                  /usr/lib/gcc/avr/5.4.0/../../../avr/lib/avrxmega7/libatxmega128a4u.a(eewr_byte.o)
                                                  /usr/lib/gcc/avr/5.4.0/../../../avr/lib/avrxmega7/libatxmega128a4u.a(eeupd_byte.o)
exit                                              /usr/lib/gcc/avr/5.4.0/avrxmega7/libgcc.a(_exit.o)
                                                  /usr/lib/gcc/avr/5.4.0/../../../avr/lib/avrxmega7/crtatxmega128a4u.o
main                                              obj/VirtualSerial.o
                                                  /usr/lib/gcc/avr/5.4.0/../../../avr/lib/avrxmega7/crtatxmega128a4u.o
uart_rx_ring_buffer                               obj/VirtualSerial.o
uart_rx_ring_buffer_init                          obj/VirtualSerial.o
uart_rx_ring_read_pos                             obj/VirtualSerial.o
uart_tx_buffer                                    obj/VirtualSerial.o
uart_tx_buffer_dma_pos                            obj/VirtualSerial.o
uart_tx_buffer_init                               obj/VirtualSerial.o
uart_tx_buffer_trfcnt                             obj/VirtualSerial.o
uart_tx_buffer_usb_pos                            obj/VirtualSerial.o
uart_tx_dma_transfer_init                         obj/VirtualSerial.o
